/usr/local/lib/python3.11/site-packages/pyspark/bin/load-spark-env.sh: line 68: ps: command not found
Setting default log level to "WARN".
To adjust logging level use sc.setLogLevel(newLevel). For SparkR, use setLogLevel(newLevel).
26/09/19 21:32:24 WARN NativeCodeLoader: Unable to load native-hadoop library for your platform... using builtin-java classes where applicable
[Stage 0:>                                                          (0 + 3) / 3]26/09/19 21:32:28 ERROR ArrowPythonRunner: Python worker exited unexpectedly (crashed)
org.apache.spark.api.python.PythonException: Traceback (most recent call last):
  File "/usr/local/lib/python3.11/site-packages/pyspark/python/lib/pyspark.zip/pyspark/worker.py", line 1225, in main
    eval_type = read_int(infile)
                ^^^^^^^^^^^^^^^^
  File "/usr/local/lib/python3.11/site-packages/pyspark/python/lib/pyspark.zip/pyspark/serializers.py", line 596, in read_int
    raise EOFError
EOFError

	at org.apache.spark.api.python.BasePythonRunner$ReaderIterator.handlePythonException(PythonRunner.scala:572)
	at org.apache.spark.sql.execution.python.PythonArrowOutput$$anon$1.read(PythonArrowOutput.scala:118)
	at org.apache.spark.api.python.BasePythonRunner$ReaderIterator.hasNext(PythonRunner.scala:525)
	at org.apache.spark.InterruptibleIterator.hasNext(InterruptibleIterator.scala:37)
	at scala.collection.Iterator$$anon$11.hasNext(Iterator.scala:491)
	at scala.collection.Iterator$$anon$10.hasNext(Iterator.scala:460)
	at scala.collection.Iterator$$anon$10.hasNext(Iterator.scala:460)
	at org.apache.spark.ContextAwareIterator.hasNext(ContextAwareIterator.scala:39)
	at scala.collection.Iterator$$anon$10.hasNext(Iterator.scala:460)
	at org.apache.spark.sql.execution.python.BatchIterator.hasNext(ArrowEvalPythonExec.scala:38)
	at org.apache.spark.sql.execution.python.BasicPythonArrowInput.writeIteratorToArrowStream(PythonArrowInput.scala:131)
	at org.apache.spark.sql.execution.python.BasicPythonArrowInput.writeIteratorToArrowStream$(PythonArrowInput.scala:124)
	at org.apache.spark.sql.execution.python.ArrowPythonRunner.writeIteratorToArrowStream(ArrowPythonRunner.scala:30)
	at org.apache.spark.sql.execution.python.PythonArrowInput$$anon$1.$anonfun$writeIteratorToStream$1(PythonArrowInput.scala:96)
	at scala.runtime.java8.JFunction0$mcV$sp.apply(JFunction0$mcV$sp.java:23)
	at org.apache.spark.util.SparkErrorUtils.tryWithSafeFinally(SparkErrorUtils.scala:64)
	at org.apache.spark.util.SparkErrorUtils.tryWithSafeFinally$(SparkErrorUtils.scala:61)
	at org.apache.spark.util.Utils$.tryWithSafeFinally(Utils.scala:94)
	at org.apache.spark.sql.execution.python.PythonArrowInput$$anon$1.writeIteratorToStream(PythonArrowInput.scala:102)
	at org.apache.spark.api.python.BasePythonRunner$WriterThread.$anonfun$run$1(PythonRunner.scala:451)
	at org.apache.spark.util.Utils$.logUncaughtExceptions(Utils.scala:1928)
	at org.apache.spark.api.python.BasePythonRunner$WriterThread.run(PythonRunner.scala:282)
Caused by: java.lang.UnsupportedOperationException: sun.misc.Unsafe or java.nio.DirectByteBuffer.<init>(long, int) not available
	at org.apache.arrow.memory.util.MemoryUtil.directBuffer(MemoryUtil.java:174)
	at org.apache.arrow.memory.ArrowBuf.getDirectBuffer(ArrowBuf.java:229)
	at org.apache.arrow.memory.ArrowBuf.nioBuffer(ArrowBuf.java:224)
	at org.apache.arrow.vector.ipc.WriteChannel.write(WriteChannel.java:133)
	at org.apache.arrow.vector.ipc.message.MessageSerializer.writeBatchBuffers(MessageSerializer.java:303)
	at org.apache.arrow.vector.ipc.message.MessageSerializer.serialize(MessageSerializer.java:276)
	at org.apache.arrow.vector.ipc.ArrowWriter.writeRecordBatch(ArrowWriter.java:147)
	at org.apache.arrow.vector.ipc.ArrowWriter.writeBatch(ArrowWriter.java:133)
	at org.apache.spark.sql.execution.python.BasicPythonArrowInput.writeIteratorToArrowStream(PythonArrowInput.scala:140)
	... 11 more
26/09/19 21:32:28 ERROR ArrowPythonRunner: Python worker exited unexpectedly (crashed)
org.apache.spark.api.python.PythonException: Traceback (most recent call last):
  File "/usr/local/lib/python3.11/site-packages/pyspark/python/lib/pyspark.zip/pyspark/worker.py", line 1225, in main
    eval_type = read_int(infile)
                ^^^^^^^^^^^^^^^^
  File "/usr/local/lib/python3.11/site-packages/pyspark/python/lib/pyspark.zip/pyspark/serializers.py", line 596, in read_int
    raise EOFError
EOFError

	at org.apache.spark.api.python.BasePythonRunner$ReaderIterator.handlePythonException(PythonRunner.scala:572)
	at org.apache.spark.sql.execution.python.PythonArrowOutput$$anon$1.read(PythonArrowOutput.scala:118)
	at org.apache.spark.api.python.BasePythonRunner$ReaderIterator.hasNext(PythonRunner.scala:525)
	at org.apache.spark.InterruptibleIterator.hasNext(InterruptibleIterator.scala:37)
	at scala.collection.Iterator$$anon$11.hasNext(Iterator.scala:491)
	at scala.collection.Iterator$$anon$10.hasNext(Iterator.scala:460)
	at scala.collection.Iterator$$anon$10.hasNext(Iterator.scala:460)
	at org.apache.spark.ContextAwareIterator.hasNext(ContextAwareIterator.scala:39)
	at scala.collection.Iterator$$anon$10.hasNext(Iterator.scala:460)
	at org.apache.spark.sql.execution.python.BatchIterator.hasNext(ArrowEvalPythonExec.scala:38)
	at org.apache.spark.sql.execution.python.BasicPythonArrowInput.writeIteratorToArrowStream(PythonArrowInput.scala:131)
	at org.apache.spark.sql.execution.python.BasicPythonArrowInput.writeIteratorToArrowStream$(PythonArrowInput.scala:124)
	at org.apache.spark.sql.execution.python.ArrowPythonRunner.writeIteratorToArrowStream(ArrowPythonRunner.scala:30)
	at org.apache.spark.sql.execution.python.PythonArrowInput$$anon$1.$anonfun$writeIteratorToStream$1(PythonArrowInput.scala:96)
	at scala.runtime.java8.JFunction0$mcV$sp.apply(JFunction0$mcV$sp.java:23)
	at org.apache.spark.util.SparkErrorUtils.tryWithSafeFinally(SparkErrorUtils.scala:64)
	at org.apache.spark.util.SparkErrorUtils.tryWithSafeFinally$(SparkErrorUtils.scala:61)
	at org.apache.spark.util.Utils$.tryWithSafeFinally(Utils.scala:94)
	at org.apache.spark.sql.execution.python.PythonArrowInput$$anon$1.writeIteratorToStream(PythonArrowInput.scala:102)
	at org.apache.spark.api.python.BasePythonRunner$WriterThread.$anonfun$run$1(PythonRunner.scala:451)
	at org.apache.spark.util.Utils$.logUncaughtExceptions(Utils.scala:1928)
	at org.apache.spark.api.python.BasePythonRunner$WriterThread.run(PythonRunner.scala:282)
Caused by: java.lang.UnsupportedOperationException: sun.misc.Unsafe or java.nio.DirectByteBuffer.<init>(long, int) not available
	at org.apache.arrow.memory.util.MemoryUtil.directBuffer(MemoryUtil.java:174)
	at org.apache.arrow.memory.ArrowBuf.getDirectBuffer(ArrowBuf.java:229)
	at org.apache.arrow.memory.ArrowBuf.nioBuffer(ArrowBuf.java:224)
	at org.apache.arrow.vector.ipc.WriteChannel.write(WriteChannel.java:133)
	at org.apache.arrow.vector.ipc.message.MessageSerializer.writeBatchBuffers(MessageSerializer.java:303)
	at org.apache.arrow.vector.ipc.message.MessageSerializer.serialize(MessageSerializer.java:276)
	at org.apache.arrow.vector.ipc.ArrowWriter.writeRecordBatch(ArrowWriter.java:147)
	at org.apache.arrow.vector.ipc.ArrowWriter.writeBatch(ArrowWriter.java:133)
	at org.apache.spark.sql.execution.python.BasicPythonArrowInput.writeIteratorToArrowStream(PythonArrowInput.scala:140)
	... 11 more
26/09/19 21:32:28 ERROR ArrowPythonRunner: This may have been caused by a prior exception:
java.lang.UnsupportedOperationException: sun.misc.Unsafe or java.nio.DirectByteBuffer.<init>(long, int) not available
	at org.apache.arrow.memory.util.MemoryUtil.directBuffer(MemoryUtil.java:174)
	at org.apache.arrow.memory.ArrowBuf.getDirectBuffer(ArrowBuf.java:229)
	at org.apache.arrow.memory.ArrowBuf.nioBuffer(ArrowBuf.java:224)
	at org.apache.arrow.vector.ipc.WriteChannel.write(WriteChannel.java:133)
	at org.apache.arrow.vector.ipc.message.MessageSerializer.writeBatchBuffers(MessageSerializer.java:303)
	at org.apache.arrow.vector.ipc.message.MessageSerializer.serialize(MessageSerializer.java:276)
	at org.apache.arrow.vector.ipc.ArrowWriter.writeRecordBatch(ArrowWriter.java:147)
	at org.apache.arrow.vector.ipc.ArrowWriter.writeBatch(ArrowWriter.java:133)
	at org.apache.spark.sql.execution.python.BasicPythonArrowInput.writeIteratorToArrowStream(PythonArrowInput.scala:140)
	at org.apache.spark.sql.execution.python.BasicPythonArrowInput.writeIteratorToArrowStream$(PythonArrowInput.scala:124)
	at org.apache.spark.sql.execution.python.ArrowPythonRunner.writeIteratorToArrowStream(ArrowPythonRunner.scala:30)
	at org.apache.spark.sql.execution.python.PythonArrowInput$$anon$1.$anonfun$writeIteratorToStream$1(PythonArrowInput.scala:96)
	at scala.runtime.java8.JFunction0$mcV$sp.apply(JFunction0$mcV$sp.java:23)
	at org.apache.spark.util.SparkErrorUtils.tryWithSafeFinally(SparkErrorUtils.scala:64)
	at org.apache.spark.util.SparkErrorUtils.tryWithSafeFinally$(SparkErrorUtils.scala:61)
	at org.apache.spark.util.Utils$.tryWithSafeFinally(Utils.scala:94)
	at org.apache.spark.sql.execution.python.PythonArrowInput$$anon$1.writeIteratorToStream(PythonArrowInput.scala:102)
	at org.apache.spark.api.python.BasePythonRunner$WriterThread.$anonfun$run$1(PythonRunner.scala:451)
	at org.apache.spark.util.Utils$.logUncaughtExceptions(Utils.scala:1928)
	at org.apache.spark.api.python.BasePythonRunner$WriterThread.run(PythonRunner.scala:282)
26/09/19 21:32:28 ERROR ArrowPythonRunner: This may have been caused by a prior exception:
java.lang.UnsupportedOperationException: sun.misc.Unsafe or java.nio.DirectByteBuffer.<init>(long, int) not available
	at org.apache.arrow.memory.util.MemoryUtil.directBuffer(MemoryUtil.java:174)
	at org.apache.arrow.memory.ArrowBuf.getDirectBuffer(ArrowBuf.java:229)
	at org.apache.arrow.memory.ArrowBuf.nioBuffer(ArrowBuf.java:224)
	at org.apache.arrow.vector.ipc.WriteChannel.write(WriteChannel.java:133)
	at org.apache.arrow.vector.ipc.message.MessageSerializer.writeBatchBuffers(MessageSerializer.java:303)
	at org.apache.arrow.vector.ipc.message.MessageSerializer.serialize(MessageSerializer.java:276)
	at org.apache.arrow.vector.ipc.ArrowWriter.writeRecordBatch(ArrowWriter.java:147)
	at org.apache.arrow.vector.ipc.ArrowWriter.writeBatch(ArrowWriter.java:133)
	at org.apache.spark.sql.execution.python.BasicPythonArrowInput.writeIteratorToArrowStream(PythonArrowInput.scala:140)
	at org.apache.spark.sql.execution.python.BasicPythonArrowInput.writeIteratorToArrowStream$(PythonArrowInput.scala:124)
	at org.apache.spark.sql.execution.python.ArrowPythonRunner.writeIteratorToArrowStream(ArrowPythonRunner.scala:30)
	at org.apache.spark.sql.execution.python.PythonArrowInput$$anon$1.$anonfun$writeIteratorToStream$1(PythonArrowInput.scala:96)
	at scala.runtime.java8.JFunction0$mcV$sp.apply(JFunction0$mcV$sp.java:23)
	at org.apache.spark.util.SparkErrorUtils.tryWithSafeFinally(SparkErrorUtils.scala:64)
	at org.apache.spark.util.SparkErrorUtils.tryWithSafeFinally$(SparkErrorUtils.scala:61)
	at org.apache.spark.util.Utils$.tryWithSafeFinally(Utils.scala:94)
	at org.apache.spark.sql.execution.python.PythonArrowInput$$anon$1.writeIteratorToStream(PythonArrowInput.scala:102)
	at org.apache.spark.api.python.BasePythonRunner$WriterThread.$anonfun$run$1(PythonRunner.scala:451)
	at org.apache.spark.util.Utils$.logUncaughtExceptions(Utils.scala:1928)
	at org.apache.spark.api.python.BasePythonRunner$WriterThread.run(PythonRunner.scala:282)
26/09/19 21:32:28 ERROR ArrowPythonRunner: Python worker exited unexpectedly (crashed)
org.apache.spark.api.python.PythonException: Traceback (most recent call last):
  File "/usr/local/lib/python3.11/site-packages/pyspark/python/lib/pyspark.zip/pyspark/worker.py", line 1225, in main
    eval_type = read_int(infile)
                ^^^^^^^^^^^^^^^^
  File "/usr/local/lib/python3.11/site-packages/pyspark/python/lib/pyspark.zip/pyspark/serializers.py", line 596, in read_int
    raise EOFError
EOFError

	at org.apache.spark.api.python.BasePythonRunner$ReaderIterator.handlePythonException(PythonRunner.scala:572)
	at org.apache.spark.sql.execution.python.PythonArrowOutput$$anon$1.read(PythonArrowOutput.scala:118)
	at org.apache.spark.api.python.BasePythonRunner$ReaderIterator.hasNext(PythonRunner.scala:525)
	at org.apache.spark.InterruptibleIterator.hasNext(InterruptibleIterator.scala:37)
	at scala.collection.Iterator$$anon$11.hasNext(Iterator.scala:491)
	at scala.collection.Iterator$$anon$10.hasNext(Iterator.scala:460)
	at org.apache.spark.sql.catalyst.expressions.GeneratedClass$GeneratedIteratorForCodegenStage1.processNext(Unknown Source)
	at org.apache.spark.sql.execution.BufferedRowIterator.hasNext(BufferedRowIterator.java:43)
	at org.apache.spark.sql.execution.WholeStageCodegenEvaluatorFactory$WholeStageCodegenPartitionEvaluator$$anon$1.hasNext(WholeStageCodegenEvaluatorFactory.scala:43)
	at org.apache.spark.ContextAwareIterator.hasNext(ContextAwareIterator.scala:39)
	at scala.collection.Iterator$$anon$10.hasNext(Iterator.scala:460)
	at org.apache.spark.sql.execution.python.BatchIterator.hasNext(ArrowEvalPythonExec.scala:38)
	at org.apache.spark.sql.execution.python.BasicPythonArrowInput.writeIteratorToArrowStream(PythonArrowInput.scala:131)
	at org.apache.spark.sql.execution.python.BasicPythonArrowInput.writeIteratorToArrowStream$(PythonArrowInput.scala:124)
	at org.apache.spark.sql.execution.python.ArrowPythonRunner.writeIteratorToArrowStream(ArrowPythonRunner.scala:30)
	at org.apache.spark.sql.execution.python.PythonArrowInput$$anon$1.$anonfun$writeIteratorToStream$1(PythonArrowInput.scala:96)
	at scala.runtime.java8.JFunction0$mcV$sp.apply(JFunction0$mcV$sp.java:23)
	at org.apache.spark.util.SparkErrorUtils.tryWithSafeFinally(SparkErrorUtils.scala:64)
	at org.apache.spark.util.SparkErrorUtils.tryWithSafeFinally$(SparkErrorUtils.scala:61)
	at org.apache.spark.util.Utils$.tryWithSafeFinally(Utils.scala:94)
	at org.apache.spark.sql.execution.python.PythonArrowInput$$anon$1.writeIteratorToStream(PythonArrowInput.scala:102)
	at org.apache.spark.api.python.BasePythonRunner$WriterThread.$anonfun$run$1(PythonRunner.scala:451)
	at org.apache.spark.util.Utils$.logUncaughtExceptions(Utils.scala:1928)
	at org.apache.spark.api.python.BasePythonRunner$WriterThread.run(PythonRunner.scala:282)
Caused by: java.lang.UnsupportedOperationException: sun.misc.Unsafe or java.nio.DirectByteBuffer.<init>(long, int) not available
	at org.apache.arrow.memory.util.MemoryUtil.directBuffer(MemoryUtil.java:174)
	at org.apache.arrow.memory.ArrowBuf.getDirectBuffer(ArrowBuf.java:229)
	at org.apache.arrow.memory.ArrowBuf.nioBuffer(ArrowBuf.java:224)
	at org.apache.arrow.vector.ipc.WriteChannel.write(WriteChannel.java:133)
	at org.apache.arrow.vector.ipc.message.MessageSerializer.writeBatchBuffers(MessageSerializer.java:303)
	at org.apache.arrow.vector.ipc.message.MessageSerializer.serialize(MessageSerializer.java:276)
	at org.apache.arrow.vector.ipc.ArrowWriter.writeRecordBatch(ArrowWriter.java:147)
	at org.apache.arrow.vector.ipc.ArrowWriter.writeBatch(ArrowWriter.java:133)
	at org.apache.spark.sql.execution.python.BasicPythonArrowInput.writeIteratorToArrowStream(PythonArrowInput.scala:140)
	... 11 more
26/09/19 21:32:28 ERROR ArrowPythonRunner: Python worker exited unexpectedly (crashed)
org.apache.spark.api.python.PythonException: Traceback (most recent call last):
  File "/usr/local/lib/python3.11/site-packages/pyspark/python/lib/pyspark.zip/pyspark/worker.py", line 1225, in main
    eval_type = read_int(infile)
                ^^^^^^^^^^^^^^^^
  File "/usr/local/lib/python3.11/site-packages/pyspark/python/lib/pyspark.zip/pyspark/serializers.py", line 596, in read_int
    raise EOFError
EOFError

	at org.apache.spark.api.python.BasePythonRunner$ReaderIterator.handlePythonException(PythonRunner.scala:572)
	at org.apache.spark.sql.execution.python.PythonArrowOutput$$anon$1.read(PythonArrowOutput.scala:118)
	at org.apache.spark.api.python.BasePythonRunner$ReaderIterator.hasNext(PythonRunner.scala:525)
	at org.apache.spark.InterruptibleIterator.hasNext(InterruptibleIterator.scala:37)
	at scala.collection.Iterator$$anon$11.hasNext(Iterator.scala:491)
	at scala.collection.Iterator$$anon$10.hasNext(Iterator.scala:460)
	at org.apache.spark.sql.catalyst.expressions.GeneratedClass$GeneratedIteratorForCodegenStage1.processNext(Unknown Source)
	at org.apache.spark.sql.execution.BufferedRowIterator.hasNext(BufferedRowIterator.java:43)
	at org.apache.spark.sql.execution.WholeStageCodegenEvaluatorFactory$WholeStageCodegenPartitionEvaluator$$anon$1.hasNext(WholeStageCodegenEvaluatorFactory.scala:43)
	at org.apache.spark.ContextAwareIterator.hasNext(ContextAwareIterator.scala:39)
	at scala.collection.Iterator$$anon$10.hasNext(Iterator.scala:460)
	at org.apache.spark.sql.execution.python.BatchIterator.hasNext(ArrowEvalPythonExec.scala:38)
	at org.apache.spark.sql.execution.python.BasicPythonArrowInput.writeIteratorToArrowStream(PythonArrowInput.scala:131)
	at org.apache.spark.sql.execution.python.BasicPythonArrowInput.writeIteratorToArrowStream$(PythonArrowInput.scala:124)
	at org.apache.spark.sql.execution.python.ArrowPythonRunner.writeIteratorToArrowStream(ArrowPythonRunner.scala:30)
	at org.apache.spark.sql.execution.python.PythonArrowInput$$anon$1.$anonfun$writeIteratorToStream$1(PythonArrowInput.scala:96)
	at scala.runtime.java8.JFunction0$mcV$sp.apply(JFunction0$mcV$sp.java:23)
	at org.apache.spark.util.SparkErrorUtils.tryWithSafeFinally(SparkErrorUtils.scala:64)
	at org.apache.spark.util.SparkErrorUtils.tryWithSafeFinally$(SparkErrorUtils.scala:61)
	at org.apache.spark.util.Utils$.tryWithSafeFinally(Utils.scala:94)
	at org.apache.spark.sql.execution.python.PythonArrowInput$$anon$1.writeIteratorToStream(PythonArrowInput.scala:102)
	at org.apache.spark.api.python.BasePythonRunner$WriterThread.$anonfun$run$1(PythonRunner.scala:451)
	at org.apache.spark.util.Utils$.logUncaughtExceptions(Utils.scala:1928)
	at org.apache.spark.api.python.BasePythonRunner$WriterThread.run(PythonRunner.scala:282)
Caused by: java.lang.UnsupportedOperationException: sun.misc.Unsafe or java.nio.DirectByteBuffer.<init>(long, int) not available
	at org.apache.arrow.memory.util.MemoryUtil.directBuffer(MemoryUtil.java:174)
	at org.apache.arrow.memory.ArrowBuf.getDirectBuffer(ArrowBuf.java:229)
	at org.apache.arrow.memory.ArrowBuf.nioBuffer(ArrowBuf.java:224)
	at org.apache.arrow.vector.ipc.WriteChannel.write(WriteChannel.java:133)
	at org.apache.arrow.vector.ipc.message.MessageSerializer.writeBatchBuffers(MessageSerializer.java:303)
	at org.apache.arrow.vector.ipc.message.MessageSerializer.serialize(MessageSerializer.java:276)
	at org.apache.arrow.vector.ipc.ArrowWriter.writeRecordBatch(ArrowWriter.java:147)
	at org.apache.arrow.vector.ipc.ArrowWriter.writeBatch(ArrowWriter.java:133)
	at org.apache.spark.sql.execution.python.BasicPythonArrowInput.writeIteratorToArrowStream(PythonArrowInput.scala:140)
	... 11 more
26/09/19 21:32:28 ERROR ArrowPythonRunner: This may have been caused by a prior exception:
java.lang.UnsupportedOperationException: sun.misc.Unsafe or java.nio.DirectByteBuffer.<init>(long, int) not available
	at org.apache.arrow.memory.util.MemoryUtil.directBuffer(MemoryUtil.java:174)
	at org.apache.arrow.memory.ArrowBuf.getDirectBuffer(ArrowBuf.java:229)
	at org.apache.arrow.memory.ArrowBuf.nioBuffer(ArrowBuf.java:224)
	at org.apache.arrow.vector.ipc.WriteChannel.write(WriteChannel.java:133)
	at org.apache.arrow.vector.ipc.message.MessageSerializer.writeBatchBuffers(MessageSerializer.java:303)
	at org.apache.arrow.vector.ipc.message.MessageSerializer.serialize(MessageSerializer.java:276)
	at org.apache.arrow.vector.ipc.ArrowWriter.writeRecordBatch(ArrowWriter.java:147)
	at org.apache.arrow.vector.ipc.ArrowWriter.writeBatch(ArrowWriter.java:133)
	at org.apache.spark.sql.execution.python.BasicPythonArrowInput.writeIteratorToArrowStream(PythonArrowInput.scala:140)
	at org.apache.spark.sql.execution.python.BasicPythonArrowInput.writeIteratorToArrowStream$(PythonArrowInput.scala:124)
	at org.apache.spark.sql.execution.python.ArrowPythonRunner.writeIteratorToArrowStream(ArrowPythonRunner.scala:30)
	at org.apache.spark.sql.execution.python.PythonArrowInput$$anon$1.$anonfun$writeIteratorToStream$1(PythonArrowInput.scala:96)
	at scala.runtime.java8.JFunction0$mcV$sp.apply(JFunction0$mcV$sp.java:23)
	at org.apache.spark.util.SparkErrorUtils.tryWithSafeFinally(SparkErrorUtils.scala:64)
	at org.apache.spark.util.SparkErrorUtils.tryWithSafeFinally$(SparkErrorUtils.scala:61)
	at org.apache.spark.util.Utils$.tryWithSafeFinally(Utils.scala:94)
	at org.apache.spark.sql.execution.python.PythonArrowInput$$anon$1.writeIteratorToStream(PythonArrowInput.scala:102)
	at org.apache.spark.api.python.BasePythonRunner$WriterThread.$anonfun$run$1(PythonRunner.scala:451)
	at org.apache.spark.util.Utils$.logUncaughtExceptions(Utils.scala:1928)
	at org.apache.spark.api.python.BasePythonRunner$WriterThread.run(PythonRunner.scala:282)
26/09/19 21:32:28 ERROR ArrowPythonRunner: This may have been caused by a prior exception:
java.lang.UnsupportedOperationException: sun.misc.Unsafe or java.nio.DirectByteBuffer.<init>(long, int) not available
	at org.apache.arrow.memory.util.MemoryUtil.directBuffer(MemoryUtil.java:174)
	at org.apache.arrow.memory.ArrowBuf.getDirectBuffer(ArrowBuf.java:229)
	at org.apache.arrow.memory.ArrowBuf.nioBuffer(ArrowBuf.java:224)
	at org.apache.arrow.vector.ipc.WriteChannel.write(WriteChannel.java:133)
	at org.apache.arrow.vector.ipc.message.MessageSerializer.writeBatchBuffers(MessageSerializer.java:303)
	at org.apache.arrow.vector.ipc.message.MessageSerializer.serialize(MessageSerializer.java:276)
	at org.apache.arrow.vector.ipc.ArrowWriter.writeRecordBatch(ArrowWriter.java:147)
	at org.apache.arrow.vector.ipc.ArrowWriter.writeBatch(ArrowWriter.java:133)
	at org.apache.spark.sql.execution.python.BasicPythonArrowInput.writeIteratorToArrowStream(PythonArrowInput.scala:140)
	at org.apache.spark.sql.execution.python.BasicPythonArrowInput.writeIteratorToArrowStream$(PythonArrowInput.scala:124)
	at org.apache.spark.sql.execution.python.ArrowPythonRunner.writeIteratorToArrowStream(ArrowPythonRunner.scala:30)
	at org.apache.spark.sql.execution.python.PythonArrowInput$$anon$1.$anonfun$writeIteratorToStream$1(PythonArrowInput.scala:96)
	at scala.runtime.java8.JFunction0$mcV$sp.apply(JFunction0$mcV$sp.java:23)
	at org.apache.spark.util.SparkErrorUtils.tryWithSafeFinally(SparkErrorUtils.scala:64)
	at org.apache.spark.util.SparkErrorUtils.tryWithSafeFinally$(SparkErrorUtils.scala:61)
	at org.apache.spark.util.Utils$.tryWithSafeFinally(Utils.scala:94)
	at org.apache.spark.sql.execution.python.PythonArrowInput$$anon$1.writeIteratorToStream(PythonArrowInput.scala:102)
	at org.apache.spark.api.python.BasePythonRunner$WriterThread.$anonfun$run$1(PythonRunner.scala:451)
	at org.apache.spark.util.Utils$.logUncaughtExceptions(Utils.scala:1928)
	at org.apache.spark.api.python.BasePythonRunner$WriterThread.run(PythonRunner.scala:282)
26/09/19 21:32:28 ERROR ArrowPythonRunner: Python worker exited unexpectedly (crashed)
org.apache.spark.api.python.PythonException: Traceback (most recent call last):
  File "/usr/local/lib/python3.11/site-packages/pyspark/python/lib/pyspark.zip/pyspark/worker.py", line 1225, in main
    eval_type = read_int(infile)
                ^^^^^^^^^^^^^^^^
  File "/usr/local/lib/python3.11/site-packages/pyspark/python/lib/pyspark.zip/pyspark/serializers.py", line 596, in read_int
    raise EOFError
EOFError

	at org.apache.spark.api.python.BasePythonRunner$ReaderIterator.handlePythonException(PythonRunner.scala:572)
	at org.apache.spark.sql.execution.python.PythonArrowOutput$$anon$1.read(PythonArrowOutput.scala:118)
	at org.apache.spark.api.python.BasePythonRunner$ReaderIterator.hasNext(PythonRunner.scala:525)
	at org.apache.spark.InterruptibleIterator.hasNext(InterruptibleIterator.scala:37)
	at scala.collection.Iterator$$anon$11.hasNext(Iterator.scala:491)
	at scala.collection.Iterator$$anon$10.hasNext(Iterator.scala:460)
	at org.apache.spark.sql.execution.columnar.DefaultCachedBatchSerializer$$anon$1.hasNext(InMemoryRelation.scala:119)
	at org.apache.spark.sql.execution.columnar.CachedRDDBuilder$$anon$2.hasNext(InMemoryRelation.scala:288)
	at org.apache.spark.storage.memory.MemoryStore.putIterator(MemoryStore.scala:223)
	at org.apache.spark.storage.memory.MemoryStore.putIteratorAsValues(MemoryStore.scala:302)
	at org.apache.spark.storage.BlockManager.$anonfun$doPutIterator$1(BlockManager.scala:1597)
	at org.apache.spark.storage.BlockManager.org$apache$spark$storage$BlockManager$$doPut(BlockManager.scala:1524)
	at org.apache.spark.storage.BlockManager.doPutIterator(BlockManager.scala:1588)
	at org.apache.spark.storage.BlockManager.getOrElseUpdate(BlockManager.scala:1389)
	at org.apache.spark.storage.BlockManager.getOrElseUpdateRDDBlock(BlockManager.scala:1343)
	at org.apache.spark.rdd.RDD.getOrCompute(RDD.scala:379)
	at org.apache.spark.rdd.RDD.iterator(RDD.scala:329)
	at org.apache.spark.scheduler.ResultTask.runTask(ResultTask.scala:93)
	at org.apache.spark.TaskContext.runTaskWithListeners(TaskContext.scala:166)
	at org.apache.spark.scheduler.Task.run(Task.scala:141)
	at org.apache.spark.executor.Executor$TaskRunner.$anonfun$run$4(Executor.scala:620)
	at org.apache.spark.util.SparkErrorUtils.tryWithSafeFinally(SparkErrorUtils.scala:64)
	at org.apache.spark.util.SparkErrorUtils.tryWithSafeFinally$(SparkErrorUtils.scala:61)
	at org.apache.spark.util.Utils$.tryWithSafeFinally(Utils.scala:94)
	at org.apache.spark.executor.Executor$TaskRunner.run(Executor.scala:623)
	at java.base/java.util.concurrent.ThreadPoolExecutor.runWorker(ThreadPoolExecutor.java:1144)
	at java.base/java.util.concurrent.ThreadPoolExecutor$Worker.run(ThreadPoolExecutor.java:642)
	at java.base/java.lang.Thread.run(Thread.java:1583)
Caused by: java.lang.UnsupportedOperationException: sun.misc.Unsafe or java.nio.DirectByteBuffer.<init>(long, int) not available
	at org.apache.arrow.memory.util.MemoryUtil.directBuffer(MemoryUtil.java:174)
	at org.apache.arrow.memory.ArrowBuf.getDirectBuffer(ArrowBuf.java:229)
	at org.apache.arrow.memory.ArrowBuf.nioBuffer(ArrowBuf.java:224)
	at org.apache.arrow.vector.ipc.WriteChannel.write(WriteChannel.java:133)
	at org.apache.arrow.vector.ipc.message.MessageSerializer.writeBatchBuffers(MessageSerializer.java:303)
	at org.apache.arrow.vector.ipc.message.MessageSerializer.serialize(MessageSerializer.java:276)
	at org.apache.arrow.vector.ipc.ArrowWriter.writeRecordBatch(ArrowWriter.java:147)
	at org.apache.arrow.vector.ipc.ArrowWriter.writeBatch(ArrowWriter.java:133)
	at org.apache.spark.sql.execution.python.BasicPythonArrowInput.writeIteratorToArrowStream(PythonArrowInput.scala:140)
	at org.apache.spark.sql.execution.python.BasicPythonArrowInput.writeIteratorToArrowStream$(PythonArrowInput.scala:124)
	at org.apache.spark.sql.execution.python.ArrowPythonRunner.writeIteratorToArrowStream(ArrowPythonRunner.scala:30)
	at org.apache.spark.sql.execution.python.PythonArrowInput$$anon$1.$anonfun$writeIteratorToStream$1(PythonArrowInput.scala:96)
	at scala.runtime.java8.JFunction0$mcV$sp.apply(JFunction0$mcV$sp.java:23)
	at org.apache.spark.util.SparkErrorUtils.tryWithSafeFinally(SparkErrorUtils.scala:64)
	at org.apache.spark.util.SparkErrorUtils.tryWithSafeFinally$(SparkErrorUtils.scala:61)
	at org.apache.spark.util.Utils$.tryWithSafeFinally(Utils.scala:94)
	at org.apache.spark.sql.execution.python.PythonArrowInput$$anon$1.writeIteratorToStream(PythonArrowInput.scala:102)
	at org.apache.spark.api.python.BasePythonRunner$WriterThread.$anonfun$run$1(PythonRunner.scala:451)
	at org.apache.spark.util.Utils$.logUncaughtExceptions(Utils.scala:1928)
	at org.apache.spark.api.python.BasePythonRunner$WriterThread.run(PythonRunner.scala:282)
26/09/19 21:32:28 ERROR ArrowPythonRunner: This may have been caused by a prior exception:
java.lang.UnsupportedOperationException: sun.misc.Unsafe or java.nio.DirectByteBuffer.<init>(long, int) not available
	at org.apache.arrow.memory.util.MemoryUtil.directBuffer(MemoryUtil.java:174)
	at org.apache.arrow.memory.ArrowBuf.getDirectBuffer(ArrowBuf.java:229)
	at org.apache.arrow.memory.ArrowBuf.nioBuffer(ArrowBuf.java:224)
	at org.apache.arrow.vector.ipc.WriteChannel.write(WriteChannel.java:133)
	at org.apache.arrow.vector.ipc.message.MessageSerializer.writeBatchBuffers(MessageSerializer.java:303)
	at org.apache.arrow.vector.ipc.message.MessageSerializer.serialize(MessageSerializer.java:276)
	at org.apache.arrow.vector.ipc.ArrowWriter.writeRecordBatch(ArrowWriter.java:147)
	at org.apache.arrow.vector.ipc.ArrowWriter.writeBatch(ArrowWriter.java:133)
	at org.apache.spark.sql.execution.python.BasicPythonArrowInput.writeIteratorToArrowStream(PythonArrowInput.scala:140)
	at org.apache.spark.sql.execution.python.BasicPythonArrowInput.writeIteratorToArrowStream$(PythonArrowInput.scala:124)
	at org.apache.spark.sql.execution.python.ArrowPythonRunner.writeIteratorToArrowStream(ArrowPythonRunner.scala:30)
	at org.apache.spark.sql.execution.python.PythonArrowInput$$anon$1.$anonfun$writeIteratorToStream$1(PythonArrowInput.scala:96)
	at scala.runtime.java8.JFunction0$mcV$sp.apply(JFunction0$mcV$sp.java:23)
	at org.apache.spark.util.SparkErrorUtils.tryWithSafeFinally(SparkErrorUtils.scala:64)
	at org.apache.spark.util.SparkErrorUtils.tryWithSafeFinally$(SparkErrorUtils.scala:61)
	at org.apache.spark.util.Utils$.tryWithSafeFinally(Utils.scala:94)
	at org.apache.spark.sql.execution.python.PythonArrowInput$$anon$1.writeIteratorToStream(PythonArrowInput.scala:102)
	at org.apache.spark.api.python.BasePythonRunner$WriterThread.$anonfun$run$1(PythonRunner.scala:451)
	at org.apache.spark.util.Utils$.logUncaughtExceptions(Utils.scala:1928)
	at org.apache.spark.api.python.BasePythonRunner$WriterThread.run(PythonRunner.scala:282)
26/09/19 21:32:28 WARN BlockManager: Putting block rdd_8_2 failed due to exception java.lang.UnsupportedOperationException: sun.misc.Unsafe or java.nio.DirectByteBuffer.<init>(long, int) not available.
26/09/19 21:32:28 ERROR ArrowPythonRunner: Python worker exited unexpectedly (crashed)
org.apache.spark.api.python.PythonException: Traceback (most recent call last):
  File "/usr/local/lib/python3.11/site-packages/pyspark/python/lib/pyspark.zip/pyspark/worker.py", line 1225, in main
    eval_type = read_int(infile)
                ^^^^^^^^^^^^^^^^
  File "/usr/local/lib/python3.11/site-packages/pyspark/python/lib/pyspark.zip/pyspark/serializers.py", line 596, in read_int
    raise EOFError
EOFError

	at org.apache.spark.api.python.BasePythonRunner$ReaderIterator.handlePythonException(PythonRunner.scala:572)
	at org.apache.spark.sql.execution.python.PythonArrowOutput$$anon$1.read(PythonArrowOutput.scala:118)
	at org.apache.spark.api.python.BasePythonRunner$ReaderIterator.hasNext(PythonRunner.scala:525)
	at org.apache.spark.InterruptibleIterator.hasNext(InterruptibleIterator.scala:37)
	at scala.collection.Iterator$$anon$11.hasNext(Iterator.scala:491)
	at scala.collection.Iterator$$anon$10.hasNext(Iterator.scala:460)
	at org.apache.spark.sql.execution.columnar.DefaultCachedBatchSerializer$$anon$1.hasNext(InMemoryRelation.scala:119)
	at org.apache.spark.sql.execution.columnar.CachedRDDBuilder$$anon$2.hasNext(InMemoryRelation.scala:288)
	at org.apache.spark.storage.memory.MemoryStore.putIterator(MemoryStore.scala:223)
	at org.apache.spark.storage.memory.MemoryStore.putIteratorAsValues(MemoryStore.scala:302)
	at org.apache.spark.storage.BlockManager.$anonfun$doPutIterator$1(BlockManager.scala:1597)
	at org.apache.spark.storage.BlockManager.org$apache$spark$storage$BlockManager$$doPut(BlockManager.scala:1524)
	at org.apache.spark.storage.BlockManager.doPutIterator(BlockManager.scala:1588)
	at org.apache.spark.storage.BlockManager.getOrElseUpdate(BlockManager.scala:1389)
	at org.apache.spark.storage.BlockManager.getOrElseUpdateRDDBlock(BlockManager.scala:1343)
	at org.apache.spark.rdd.RDD.getOrCompute(RDD.scala:379)
	at org.apache.spark.rdd.RDD.iterator(RDD.scala:329)
	at org.apache.spark.scheduler.ResultTask.runTask(ResultTask.scala:93)
	at org.apache.spark.TaskContext.runTaskWithListeners(TaskContext.scala:166)
	at org.apache.spark.scheduler.Task.run(Task.scala:141)
	at org.apache.spark.executor.Executor$TaskRunner.$anonfun$run$4(Executor.scala:620)
	at org.apache.spark.util.SparkErrorUtils.tryWithSafeFinally(SparkErrorUtils.scala:64)
	at org.apache.spark.util.SparkErrorUtils.tryWithSafeFinally$(SparkErrorUtils.scala:61)
	at org.apache.spark.util.Utils$.tryWithSafeFinally(Utils.scala:94)
	at org.apache.spark.executor.Executor$TaskRunner.run(Executor.scala:623)
	at java.base/java.util.concurrent.ThreadPoolExecutor.runWorker(ThreadPoolExecutor.java:1144)
	at java.base/java.util.concurrent.ThreadPoolExecutor$Worker.run(ThreadPoolExecutor.java:642)
	at java.base/java.lang.Thread.run(Thread.java:1583)
Caused by: java.lang.UnsupportedOperationException: sun.misc.Unsafe or java.nio.DirectByteBuffer.<init>(long, int) not available
	at org.apache.arrow.memory.util.MemoryUtil.directBuffer(MemoryUtil.java:174)
	at org.apache.arrow.memory.ArrowBuf.getDirectBuffer(ArrowBuf.java:229)
	at org.apache.arrow.memory.ArrowBuf.nioBuffer(ArrowBuf.java:224)
	at org.apache.arrow.vector.ipc.WriteChannel.write(WriteChannel.java:133)
	at org.apache.arrow.vector.ipc.message.MessageSerializer.writeBatchBuffers(MessageSerializer.java:303)
	at org.apache.arrow.vector.ipc.message.MessageSerializer.serialize(MessageSerializer.java:276)
	at org.apache.arrow.vector.ipc.ArrowWriter.writeRecordBatch(ArrowWriter.java:147)
	at org.apache.arrow.vector.ipc.ArrowWriter.writeBatch(ArrowWriter.java:133)
	at org.apache.spark.sql.execution.python.BasicPythonArrowInput.writeIteratorToArrowStream(PythonArrowInput.scala:140)
	at org.apache.spark.sql.execution.python.BasicPythonArrowInput.writeIteratorToArrowStream$(PythonArrowInput.scala:124)
	at org.apache.spark.sql.execution.python.ArrowPythonRunner.writeIteratorToArrowStream(ArrowPythonRunner.scala:30)
	at org.apache.spark.sql.execution.python.PythonArrowInput$$anon$1.$anonfun$writeIteratorToStream$1(PythonArrowInput.scala:96)
	at scala.runtime.java8.JFunction0$mcV$sp.apply(JFunction0$mcV$sp.java:23)
	at org.apache.spark.util.SparkErrorUtils.tryWithSafeFinally(SparkErrorUtils.scala:64)
	at org.apache.spark.util.SparkErrorUtils.tryWithSafeFinally$(SparkErrorUtils.scala:61)
	at org.apache.spark.util.Utils$.tryWithSafeFinally(Utils.scala:94)
	at org.apache.spark.sql.execution.python.PythonArrowInput$$anon$1.writeIteratorToStream(PythonArrowInput.scala:102)
	at org.apache.spark.api.python.BasePythonRunner$WriterThread.$anonfun$run$1(PythonRunner.scala:451)
	at org.apache.spark.util.Utils$.logUncaughtExceptions(Utils.scala:1928)
	at org.apache.spark.api.python.BasePythonRunner$WriterThread.run(PythonRunner.scala:282)
26/09/19 21:32:28 ERROR ArrowPythonRunner: This may have been caused by a prior exception:
java.lang.UnsupportedOperationException: sun.misc.Unsafe or java.nio.DirectByteBuffer.<init>(long, int) not available
	at org.apache.arrow.memory.util.MemoryUtil.directBuffer(MemoryUtil.java:174)
	at org.apache.arrow.memory.ArrowBuf.getDirectBuffer(ArrowBuf.java:229)
	at org.apache.arrow.memory.ArrowBuf.nioBuffer(ArrowBuf.java:224)
	at org.apache.arrow.vector.ipc.WriteChannel.write(WriteChannel.java:133)
	at org.apache.arrow.vector.ipc.message.MessageSerializer.writeBatchBuffers(MessageSerializer.java:303)
	at org.apache.arrow.vector.ipc.message.MessageSerializer.serialize(MessageSerializer.java:276)
	at org.apache.arrow.vector.ipc.ArrowWriter.writeRecordBatch(ArrowWriter.java:147)
	at org.apache.arrow.vector.ipc.ArrowWriter.writeBatch(ArrowWriter.java:133)
	at org.apache.spark.sql.execution.python.BasicPythonArrowInput.writeIteratorToArrowStream(PythonArrowInput.scala:140)
	at org.apache.spark.sql.execution.python.BasicPythonArrowInput.writeIteratorToArrowStream$(PythonArrowInput.scala:124)
	at org.apache.spark.sql.execution.python.ArrowPythonRunner.writeIteratorToArrowStream(ArrowPythonRunner.scala:30)
	at org.apache.spark.sql.execution.python.PythonArrowInput$$anon$1.$anonfun$writeIteratorToStream$1(PythonArrowInput.scala:96)
	at scala.runtime.java8.JFunction0$mcV$sp.apply(JFunction0$mcV$sp.java:23)
	at org.apache.spark.util.SparkErrorUtils.tryWithSafeFinally(SparkErrorUtils.scala:64)
	at org.apache.spark.util.SparkErrorUtils.tryWithSafeFinally$(SparkErrorUtils.scala:61)
	at org.apache.spark.util.Utils$.tryWithSafeFinally(Utils.scala:94)
	at org.apache.spark.sql.execution.python.PythonArrowInput$$anon$1.writeIteratorToStream(PythonArrowInput.scala:102)
	at org.apache.spark.api.python.BasePythonRunner$WriterThread.$anonfun$run$1(PythonRunner.scala:451)
	at org.apache.spark.util.Utils$.logUncaughtExceptions(Utils.scala:1928)
	at org.apache.spark.api.python.BasePythonRunner$WriterThread.run(PythonRunner.scala:282)
26/09/19 21:32:28 WARN BlockManager: Putting block rdd_8_0 failed due to exception java.lang.UnsupportedOperationException: sun.misc.Unsafe or java.nio.DirectByteBuffer.<init>(long, int) not available.
26/09/19 21:32:28 WARN BlockManager: Block rdd_8_2 could not be removed as it was not found on disk or in memory
26/09/19 21:32:28 WARN BlockManager: Block rdd_8_0 could not be removed as it was not found on disk or in memory
26/09/19 21:32:28 ERROR Executor: Exception in task 2.0 in stage 0.0 (TID 2)
java.lang.UnsupportedOperationException: sun.misc.Unsafe or java.nio.DirectByteBuffer.<init>(long, int) not available
	at org.apache.arrow.memory.util.MemoryUtil.directBuffer(MemoryUtil.java:174)
	at org.apache.arrow.memory.ArrowBuf.getDirectBuffer(ArrowBuf.java:229)
	at org.apache.arrow.memory.ArrowBuf.nioBuffer(ArrowBuf.java:224)
	at org.apache.arrow.vector.ipc.WriteChannel.write(WriteChannel.java:133)
	at org.apache.arrow.vector.ipc.message.MessageSerializer.writeBatchBuffers(MessageSerializer.java:303)
	at org.apache.arrow.vector.ipc.message.MessageSerializer.serialize(MessageSerializer.java:276)
	at org.apache.arrow.vector.ipc.ArrowWriter.writeRecordBatch(ArrowWriter.java:147)
	at org.apache.arrow.vector.ipc.ArrowWriter.writeBatch(ArrowWriter.java:133)
	at org.apache.spark.sql.execution.python.BasicPythonArrowInput.writeIteratorToArrowStream(PythonArrowInput.scala:140)
	at org.apache.spark.sql.execution.python.BasicPythonArrowInput.writeIteratorToArrowStream$(PythonArrowInput.scala:124)
	at org.apache.spark.sql.execution.python.ArrowPythonRunner.writeIteratorToArrowStream(ArrowPythonRunner.scala:30)
	at org.apache.spark.sql.execution.python.PythonArrowInput$$anon$1.$anonfun$writeIteratorToStream$1(PythonArrowInput.scala:96)
	at scala.runtime.java8.JFunction0$mcV$sp.apply(JFunction0$mcV$sp.java:23)
	at org.apache.spark.util.SparkErrorUtils.tryWithSafeFinally(SparkErrorUtils.scala:64)
	at org.apache.spark.util.SparkErrorUtils.tryWithSafeFinally$(SparkErrorUtils.scala:61)
	at org.apache.spark.util.Utils$.tryWithSafeFinally(Utils.scala:94)
	at org.apache.spark.sql.execution.python.PythonArrowInput$$anon$1.writeIteratorToStream(PythonArrowInput.scala:102)
	at org.apache.spark.api.python.BasePythonRunner$WriterThread.$anonfun$run$1(PythonRunner.scala:451)
	at org.apache.spark.util.Utils$.logUncaughtExceptions(Utils.scala:1928)
	at org.apache.spark.api.python.BasePythonRunner$WriterThread.run(PythonRunner.scala:282)
26/09/19 21:32:28 ERROR Executor: Exception in task 0.0 in stage 0.0 (TID 0)
java.lang.UnsupportedOperationException: sun.misc.Unsafe or java.nio.DirectByteBuffer.<init>(long, int) not available
	at org.apache.arrow.memory.util.MemoryUtil.directBuffer(MemoryUtil.java:174)
	at org.apache.arrow.memory.ArrowBuf.getDirectBuffer(ArrowBuf.java:229)
	at org.apache.arrow.memory.ArrowBuf.nioBuffer(ArrowBuf.java:224)
	at org.apache.arrow.vector.ipc.WriteChannel.write(WriteChannel.java:133)
	at org.apache.arrow.vector.ipc.message.MessageSerializer.writeBatchBuffers(MessageSerializer.java:303)
	at org.apache.arrow.vector.ipc.message.MessageSerializer.serialize(MessageSerializer.java:276)
	at org.apache.arrow.vector.ipc.ArrowWriter.writeRecordBatch(ArrowWriter.java:147)
	at org.apache.arrow.vector.ipc.ArrowWriter.writeBatch(ArrowWriter.java:133)
	at org.apache.spark.sql.execution.python.BasicPythonArrowInput.writeIteratorToArrowStream(PythonArrowInput.scala:140)
	at org.apache.spark.sql.execution.python.BasicPythonArrowInput.writeIteratorToArrowStream$(PythonArrowInput.scala:124)
	at org.apache.spark.sql.execution.python.ArrowPythonRunner.writeIteratorToArrowStream(ArrowPythonRunner.scala:30)
	at org.apache.spark.sql.execution.python.PythonArrowInput$$anon$1.$anonfun$writeIteratorToStream$1(PythonArrowInput.scala:96)
	at scala.runtime.java8.JFunction0$mcV$sp.apply(JFunction0$mcV$sp.java:23)
	at org.apache.spark.util.SparkErrorUtils.tryWithSafeFinally(SparkErrorUtils.scala:64)
	at org.apache.spark.util.SparkErrorUtils.tryWithSafeFinally$(SparkErrorUtils.scala:61)
	at org.apache.spark.util.Utils$.tryWithSafeFinally(Utils.scala:94)
	at org.apache.spark.sql.execution.python.PythonArrowInput$$anon$1.writeIteratorToStream(PythonArrowInput.scala:102)
	at org.apache.spark.api.python.BasePythonRunner$WriterThread.$anonfun$run$1(PythonRunner.scala:451)
	at org.apache.spark.util.Utils$.logUncaughtExceptions(Utils.scala:1928)
	at org.apache.spark.api.python.BasePythonRunner$WriterThread.run(PythonRunner.scala:282)
26/09/19 21:32:28 ERROR ArrowPythonRunner: Python worker exited unexpectedly (crashed)
org.apache.spark.api.python.PythonException: Traceback (most recent call last):
  File "/usr/local/lib/python3.11/site-packages/pyspark/python/lib/pyspark.zip/pyspark/worker.py", line 1225, in main
    eval_type = read_int(infile)
                ^^^^^^^^^^^^^^^^
  File "/usr/local/lib/python3.11/site-packages/pyspark/python/lib/pyspark.zip/pyspark/serializers.py", line 596, in read_int
    raise EOFError
EOFError

	at org.apache.spark.api.python.BasePythonRunner$ReaderIterator.handlePythonException(PythonRunner.scala:572)
	at org.apache.spark.sql.execution.python.PythonArrowOutput$$anon$1.read(PythonArrowOutput.scala:118)
	at org.apache.spark.api.python.BasePythonRunner$ReaderIterator.hasNext(PythonRunner.scala:525)
	at org.apache.spark.InterruptibleIterator.hasNext(InterruptibleIterator.scala:37)
	at scala.collection.Iterator$$anon$11.hasNext(Iterator.scala:491)
	at scala.collection.Iterator$$anon$10.hasNext(Iterator.scala:460)
	at scala.collection.Iterator$$anon$10.hasNext(Iterator.scala:460)
	at org.apache.spark.ContextAwareIterator.hasNext(ContextAwareIterator.scala:39)
	at scala.collection.Iterator$$anon$10.hasNext(Iterator.scala:460)
	at org.apache.spark.sql.execution.python.BatchIterator.hasNext(ArrowEvalPythonExec.scala:38)
	at org.apache.spark.sql.execution.python.BasicPythonArrowInput.writeIteratorToArrowStream(PythonArrowInput.scala:131)
	at org.apache.spark.sql.execution.python.BasicPythonArrowInput.writeIteratorToArrowStream$(PythonArrowInput.scala:124)
	at org.apache.spark.sql.execution.python.ArrowPythonRunner.writeIteratorToArrowStream(ArrowPythonRunner.scala:30)
	at org.apache.spark.sql.execution.python.PythonArrowInput$$anon$1.$anonfun$writeIteratorToStream$1(PythonArrowInput.scala:96)
	at scala.runtime.java8.JFunction0$mcV$sp.apply(JFunction0$mcV$sp.java:23)
	at org.apache.spark.util.SparkErrorUtils.tryWithSafeFinally(SparkErrorUtils.scala:64)
	at org.apache.spark.util.SparkErrorUtils.tryWithSafeFinally$(SparkErrorUtils.scala:61)
	at org.apache.spark.util.Utils$.tryWithSafeFinally(Utils.scala:94)
	at org.apache.spark.sql.execution.python.PythonArrowInput$$anon$1.writeIteratorToStream(PythonArrowInput.scala:102)
	at org.apache.spark.api.python.BasePythonRunner$WriterThread.$anonfun$run$1(PythonRunner.scala:451)
	at org.apache.spark.util.Utils$.logUncaughtExceptions(Utils.scala:1928)
	at org.apache.spark.api.python.BasePythonRunner$WriterThread.run(PythonRunner.scala:282)
Caused by: java.lang.UnsupportedOperationException: sun.misc.Unsafe or java.nio.DirectByteBuffer.<init>(long, int) not available
	at org.apache.arrow.memory.util.MemoryUtil.directBuffer(MemoryUtil.java:174)
	at org.apache.arrow.memory.ArrowBuf.getDirectBuffer(ArrowBuf.java:229)
	at org.apache.arrow.memory.ArrowBuf.nioBuffer(ArrowBuf.java:224)
	at org.apache.arrow.vector.ipc.WriteChannel.write(WriteChannel.java:133)
	at org.apache.arrow.vector.ipc.message.MessageSerializer.writeBatchBuffers(MessageSerializer.java:303)
	at org.apache.arrow.vector.ipc.message.MessageSerializer.serialize(MessageSerializer.java:276)
	at org.apache.arrow.vector.ipc.ArrowWriter.writeRecordBatch(ArrowWriter.java:147)
	at org.apache.arrow.vector.ipc.ArrowWriter.writeBatch(ArrowWriter.java:133)
	at org.apache.spark.sql.execution.python.BasicPythonArrowInput.writeIteratorToArrowStream(PythonArrowInput.scala:140)
	... 11 more
26/09/19 21:32:28 ERROR ArrowPythonRunner: This may have been caused by a prior exception:
java.lang.UnsupportedOperationException: sun.misc.Unsafe or java.nio.DirectByteBuffer.<init>(long, int) not available
	at org.apache.arrow.memory.util.MemoryUtil.directBuffer(MemoryUtil.java:174)
	at org.apache.arrow.memory.ArrowBuf.getDirectBuffer(ArrowBuf.java:229)
	at org.apache.arrow.memory.ArrowBuf.nioBuffer(ArrowBuf.java:224)
	at org.apache.arrow.vector.ipc.WriteChannel.write(WriteChannel.java:133)
	at org.apache.arrow.vector.ipc.message.MessageSerializer.writeBatchBuffers(MessageSerializer.java:303)
	at org.apache.arrow.vector.ipc.message.MessageSerializer.serialize(MessageSerializer.java:276)
	at org.apache.arrow.vector.ipc.ArrowWriter.writeRecordBatch(ArrowWriter.java:147)
	at org.apache.arrow.vector.ipc.ArrowWriter.writeBatch(ArrowWriter.java:133)
	at org.apache.spark.sql.execution.python.BasicPythonArrowInput.writeIteratorToArrowStream(PythonArrowInput.scala:140)
	at org.apache.spark.sql.execution.python.BasicPythonArrowInput.writeIteratorToArrowStream$(PythonArrowInput.scala:124)
	at org.apache.spark.sql.execution.python.ArrowPythonRunner.writeIteratorToArrowStream(ArrowPythonRunner.scala:30)
	at org.apache.spark.sql.execution.python.PythonArrowInput$$anon$1.$anonfun$writeIteratorToStream$1(PythonArrowInput.scala:96)
	at scala.runtime.java8.JFunction0$mcV$sp.apply(JFunction0$mcV$sp.java:23)
	at org.apache.spark.util.SparkErrorUtils.tryWithSafeFinally(SparkErrorUtils.scala:64)
	at org.apache.spark.util.SparkErrorUtils.tryWithSafeFinally$(SparkErrorUtils.scala:61)
	at org.apache.spark.util.Utils$.tryWithSafeFinally(Utils.scala:94)
	at org.apache.spark.sql.execution.python.PythonArrowInput$$anon$1.writeIteratorToStream(PythonArrowInput.scala:102)
	at org.apache.spark.api.python.BasePythonRunner$WriterThread.$anonfun$run$1(PythonRunner.scala:451)
	at org.apache.spark.util.Utils$.logUncaughtExceptions(Utils.scala:1928)
	at org.apache.spark.api.python.BasePythonRunner$WriterThread.run(PythonRunner.scala:282)
26/09/19 21:32:28 ERROR ArrowPythonRunner: Python worker exited unexpectedly (crashed)
org.apache.spark.api.python.PythonException: Traceback (most recent call last):
  File "/usr/local/lib/python3.11/site-packages/pyspark/python/lib/pyspark.zip/pyspark/worker.py", line 1225, in main
    eval_type = read_int(infile)
                ^^^^^^^^^^^^^^^^
  File "/usr/local/lib/python3.11/site-packages/pyspark/python/lib/pyspark.zip/pyspark/serializers.py", line 596, in read_int
    raise EOFError
EOFError

	at org.apache.spark.api.python.BasePythonRunner$ReaderIterator.handlePythonException(PythonRunner.scala:572)
	at org.apache.spark.sql.execution.python.PythonArrowOutput$$anon$1.read(PythonArrowOutput.scala:118)
	at org.apache.spark.api.python.BasePythonRunner$ReaderIterator.hasNext(PythonRunner.scala:525)
	at org.apache.spark.InterruptibleIterator.hasNext(InterruptibleIterator.scala:37)
	at scala.collection.Iterator$$anon$11.hasNext(Iterator.scala:491)
	at scala.collection.Iterator$$anon$10.hasNext(Iterator.scala:460)
	at org.apache.spark.sql.catalyst.expressions.GeneratedClass$GeneratedIteratorForCodegenStage1.processNext(Unknown Source)
	at org.apache.spark.sql.execution.BufferedRowIterator.hasNext(BufferedRowIterator.java:43)
	at org.apache.spark.sql.execution.WholeStageCodegenEvaluatorFactory$WholeStageCodegenPartitionEvaluator$$anon$1.hasNext(WholeStageCodegenEvaluatorFactory.scala:43)
	at org.apache.spark.ContextAwareIterator.hasNext(ContextAwareIterator.scala:39)
	at scala.collection.Iterator$$anon$10.hasNext(Iterator.scala:460)
	at org.apache.spark.sql.execution.python.BatchIterator.hasNext(ArrowEvalPythonExec.scala:38)
	at org.apache.spark.sql.execution.python.BasicPythonArrowInput.writeIteratorToArrowStream(PythonArrowInput.scala:131)
	at org.apache.spark.sql.execution.python.BasicPythonArrowInput.writeIteratorToArrowStream$(PythonArrowInput.scala:124)
	at org.apache.spark.sql.execution.python.ArrowPythonRunner.writeIteratorToArrowStream(ArrowPythonRunner.scala:30)
	at org.apache.spark.sql.execution.python.PythonArrowInput$$anon$1.$anonfun$writeIteratorToStream$1(PythonArrowInput.scala:96)
	at scala.runtime.java8.JFunction0$mcV$sp.apply(JFunction0$mcV$sp.java:23)
	at org.apache.spark.util.SparkErrorUtils.tryWithSafeFinally(SparkErrorUtils.scala:64)
	at org.apache.spark.util.SparkErrorUtils.tryWithSafeFinally$(SparkErrorUtils.scala:61)
	at org.apache.spark.util.Utils$.tryWithSafeFinally(Utils.scala:94)
	at org.apache.spark.sql.execution.python.PythonArrowInput$$anon$1.writeIteratorToStream(PythonArrowInput.scala:102)
	at org.apache.spark.api.python.BasePythonRunner$WriterThread.$anonfun$run$1(PythonRunner.scala:451)
	at org.apache.spark.util.Utils$.logUncaughtExceptions(Utils.scala:1928)
	at org.apache.spark.api.python.BasePythonRunner$WriterThread.run(PythonRunner.scala:282)
Caused by: java.lang.UnsupportedOperationException: sun.misc.Unsafe or java.nio.DirectByteBuffer.<init>(long, int) not available
	at org.apache.arrow.memory.util.MemoryUtil.directBuffer(MemoryUtil.java:174)
	at org.apache.arrow.memory.ArrowBuf.getDirectBuffer(ArrowBuf.java:229)
	at org.apache.arrow.memory.ArrowBuf.nioBuffer(ArrowBuf.java:224)
	at org.apache.arrow.vector.ipc.WriteChannel.write(WriteChannel.java:133)
	at org.apache.arrow.vector.ipc.message.MessageSerializer.writeBatchBuffers(MessageSerializer.java:303)
	at org.apache.arrow.vector.ipc.message.MessageSerializer.serialize(MessageSerializer.java:276)
	at org.apache.arrow.vector.ipc.ArrowWriter.writeRecordBatch(ArrowWriter.java:147)
	at org.apache.arrow.vector.ipc.ArrowWriter.writeBatch(ArrowWriter.java:133)
	at org.apache.spark.sql.execution.python.BasicPythonArrowInput.writeIteratorToArrowStream(PythonArrowInput.scala:140)
	... 11 more
26/09/19 21:32:28 ERROR ArrowPythonRunner: This may have been caused by a prior exception:
java.lang.UnsupportedOperationException: sun.misc.Unsafe or java.nio.DirectByteBuffer.<init>(long, int) not available
	at org.apache.arrow.memory.util.MemoryUtil.directBuffer(MemoryUtil.java:174)
	at org.apache.arrow.memory.ArrowBuf.getDirectBuffer(ArrowBuf.java:229)
	at org.apache.arrow.memory.ArrowBuf.nioBuffer(ArrowBuf.java:224)
	at org.apache.arrow.vector.ipc.WriteChannel.write(WriteChannel.java:133)
	at org.apache.arrow.vector.ipc.message.MessageSerializer.writeBatchBuffers(MessageSerializer.java:303)
	at org.apache.arrow.vector.ipc.message.MessageSerializer.serialize(MessageSerializer.java:276)
	at org.apache.arrow.vector.ipc.ArrowWriter.writeRecordBatch(ArrowWriter.java:147)
	at org.apache.arrow.vector.ipc.ArrowWriter.writeBatch(ArrowWriter.java:133)
	at org.apache.spark.sql.execution.python.BasicPythonArrowInput.writeIteratorToArrowStream(PythonArrowInput.scala:140)
	at org.apache.spark.sql.execution.python.BasicPythonArrowInput.writeIteratorToArrowStream$(PythonArrowInput.scala:124)
	at org.apache.spark.sql.execution.python.ArrowPythonRunner.writeIteratorToArrowStream(ArrowPythonRunner.scala:30)
	at org.apache.spark.sql.execution.python.PythonArrowInput$$anon$1.$anonfun$writeIteratorToStream$1(PythonArrowInput.scala:96)
	at scala.runtime.java8.JFunction0$mcV$sp.apply(JFunction0$mcV$sp.java:23)
	at org.apache.spark.util.SparkErrorUtils.tryWithSafeFinally(SparkErrorUtils.scala:64)
	at org.apache.spark.util.SparkErrorUtils.tryWithSafeFinally$(SparkErrorUtils.scala:61)
	at org.apache.spark.util.Utils$.tryWithSafeFinally(Utils.scala:94)
	at org.apache.spark.sql.execution.python.PythonArrowInput$$anon$1.writeIteratorToStream(PythonArrowInput.scala:102)
	at org.apache.spark.api.python.BasePythonRunner$WriterThread.$anonfun$run$1(PythonRunner.scala:451)
	at org.apache.spark.util.Utils$.logUncaughtExceptions(Utils.scala:1928)
	at org.apache.spark.api.python.BasePythonRunner$WriterThread.run(PythonRunner.scala:282)
26/09/19 21:32:28 WARN TaskSetManager: Lost task 0.0 in stage 0.0 (TID 0) (1fc6b99f76ed executor driver): java.lang.UnsupportedOperationException: sun.misc.Unsafe or java.nio.DirectByteBuffer.<init>(long, int) not available
	at org.apache.arrow.memory.util.MemoryUtil.directBuffer(MemoryUtil.java:174)
	at org.apache.arrow.memory.ArrowBuf.getDirectBuffer(ArrowBuf.java:229)
	at org.apache.arrow.memory.ArrowBuf.nioBuffer(ArrowBuf.java:224)
	at org.apache.arrow.vector.ipc.WriteChannel.write(WriteChannel.java:133)
	at org.apache.arrow.vector.ipc.message.MessageSerializer.writeBatchBuffers(MessageSerializer.java:303)
	at org.apache.arrow.vector.ipc.message.MessageSerializer.serialize(MessageSerializer.java:276)
	at org.apache.arrow.vector.ipc.ArrowWriter.writeRecordBatch(ArrowWriter.java:147)
	at org.apache.arrow.vector.ipc.ArrowWriter.writeBatch(ArrowWriter.java:133)
	at org.apache.spark.sql.execution.python.BasicPythonArrowInput.writeIteratorToArrowStream(PythonArrowInput.scala:140)
	at org.apache.spark.sql.execution.python.BasicPythonArrowInput.writeIteratorToArrowStream$(PythonArrowInput.scala:124)
	at org.apache.spark.sql.execution.python.ArrowPythonRunner.writeIteratorToArrowStream(ArrowPythonRunner.scala:30)
	at org.apache.spark.sql.execution.python.PythonArrowInput$$anon$1.$anonfun$writeIteratorToStream$1(PythonArrowInput.scala:96)
	at scala.runtime.java8.JFunction0$mcV$sp.apply(JFunction0$mcV$sp.java:23)
	at org.apache.spark.util.SparkErrorUtils.tryWithSafeFinally(SparkErrorUtils.scala:64)
	at org.apache.spark.util.SparkErrorUtils.tryWithSafeFinally$(SparkErrorUtils.scala:61)
	at org.apache.spark.util.Utils$.tryWithSafeFinally(Utils.scala:94)
	at org.apache.spark.sql.execution.python.PythonArrowInput$$anon$1.writeIteratorToStream(PythonArrowInput.scala:102)
	at org.apache.spark.api.python.BasePythonRunner$WriterThread.$anonfun$run$1(PythonRunner.scala:451)
	at org.apache.spark.util.Utils$.logUncaughtExceptions(Utils.scala:1928)
	at org.apache.spark.api.python.BasePythonRunner$WriterThread.run(PythonRunner.scala:282)

26/09/19 21:32:28 ERROR TaskSetManager: Task 0 in stage 0.0 failed 1 times; aborting job
26/09/19 21:32:28 ERROR ArrowPythonRunner: Python worker exited unexpectedly (crashed)
org.apache.spark.api.python.PythonException: Traceback (most recent call last):
  File "/usr/local/lib/python3.11/site-packages/pyspark/python/lib/pyspark.zip/pyspark/worker.py", line 1225, in main
    eval_type = read_int(infile)
                ^^^^^^^^^^^^^^^^
  File "/usr/local/lib/python3.11/site-packages/pyspark/python/lib/pyspark.zip/pyspark/serializers.py", line 596, in read_int
    raise EOFError
EOFError

	at org.apache.spark.api.python.BasePythonRunner$ReaderIterator.handlePythonException(PythonRunner.scala:572)
	at org.apache.spark.sql.execution.python.PythonArrowOutput$$anon$1.read(PythonArrowOutput.scala:118)
	at org.apache.spark.api.python.BasePythonRunner$ReaderIterator.hasNext(PythonRunner.scala:525)
	at org.apache.spark.InterruptibleIterator.hasNext(InterruptibleIterator.scala:37)
	at scala.collection.Iterator$$anon$11.hasNext(Iterator.scala:491)
	at scala.collection.Iterator$$anon$10.hasNext(Iterator.scala:460)
	at org.apache.spark.sql.execution.columnar.DefaultCachedBatchSerializer$$anon$1.hasNext(InMemoryRelation.scala:119)
	at org.apache.spark.sql.execution.columnar.CachedRDDBuilder$$anon$2.hasNext(InMemoryRelation.scala:288)
	at org.apache.spark.storage.memory.MemoryStore.putIterator(MemoryStore.scala:223)
	at org.apache.spark.storage.memory.MemoryStore.putIteratorAsValues(MemoryStore.scala:302)
	at org.apache.spark.storage.BlockManager.$anonfun$doPutIterator$1(BlockManager.scala:1597)
	at org.apache.spark.storage.BlockManager.org$apache$spark$storage$BlockManager$$doPut(BlockManager.scala:1524)
	at org.apache.spark.storage.BlockManager.doPutIterator(BlockManager.scala:1588)
	at org.apache.spark.storage.BlockManager.getOrElseUpdate(BlockManager.scala:1389)
	at org.apache.spark.storage.BlockManager.getOrElseUpdateRDDBlock(BlockManager.scala:1343)
	at org.apache.spark.rdd.RDD.getOrCompute(RDD.scala:379)
	at org.apache.spark.rdd.RDD.iterator(RDD.scala:329)
	at org.apache.spark.scheduler.ResultTask.runTask(ResultTask.scala:93)
	at org.apache.spark.TaskContext.runTaskWithListeners(TaskContext.scala:166)
	at org.apache.spark.scheduler.Task.run(Task.scala:141)
	at org.apache.spark.executor.Executor$TaskRunner.$anonfun$run$4(Executor.scala:620)
	at org.apache.spark.util.SparkErrorUtils.tryWithSafeFinally(SparkErrorUtils.scala:64)
	at org.apache.spark.util.SparkErrorUtils.tryWithSafeFinally$(SparkErrorUtils.scala:61)
	at org.apache.spark.util.Utils$.tryWithSafeFinally(Utils.scala:94)
	at org.apache.spark.executor.Executor$TaskRunner.run(Executor.scala:623)
	at java.base/java.util.concurrent.ThreadPoolExecutor.runWorker(ThreadPoolExecutor.java:1144)
	at java.base/java.util.concurrent.ThreadPoolExecutor$Worker.run(ThreadPoolExecutor.java:642)
	at java.base/java.lang.Thread.run(Thread.java:1583)
Caused by: java.lang.UnsupportedOperationException: sun.misc.Unsafe or java.nio.DirectByteBuffer.<init>(long, int) not available
	at org.apache.arrow.memory.util.MemoryUtil.directBuffer(MemoryUtil.java:174)
	at org.apache.arrow.memory.ArrowBuf.getDirectBuffer(ArrowBuf.java:229)
	at org.apache.arrow.memory.ArrowBuf.nioBuffer(ArrowBuf.java:224)
	at org.apache.arrow.vector.ipc.WriteChannel.write(WriteChannel.java:133)
	at org.apache.arrow.vector.ipc.message.MessageSerializer.writeBatchBuffers(MessageSerializer.java:303)
	at org.apache.arrow.vector.ipc.message.MessageSerializer.serialize(MessageSerializer.java:276)
	at org.apache.arrow.vector.ipc.ArrowWriter.writeRecordBatch(ArrowWriter.java:147)
	at org.apache.arrow.vector.ipc.ArrowWriter.writeBatch(ArrowWriter.java:133)
	at org.apache.spark.sql.execution.python.BasicPythonArrowInput.writeIteratorToArrowStream(PythonArrowInput.scala:140)
	at org.apache.spark.sql.execution.python.BasicPythonArrowInput.writeIteratorToArrowStream$(PythonArrowInput.scala:124)
	at org.apache.spark.sql.execution.python.ArrowPythonRunner.writeIteratorToArrowStream(ArrowPythonRunner.scala:30)
	at org.apache.spark.sql.execution.python.PythonArrowInput$$anon$1.$anonfun$writeIteratorToStream$1(PythonArrowInput.scala:96)
	at scala.runtime.java8.JFunction0$mcV$sp.apply(JFunction0$mcV$sp.java:23)
	at org.apache.spark.util.SparkErrorUtils.tryWithSafeFinally(SparkErrorUtils.scala:64)
	at org.apache.spark.util.SparkErrorUtils.tryWithSafeFinally$(SparkErrorUtils.scala:61)
	at org.apache.spark.util.Utils$.tryWithSafeFinally(Utils.scala:94)
	at org.apache.spark.sql.execution.python.PythonArrowInput$$anon$1.writeIteratorToStream(PythonArrowInput.scala:102)
	at org.apache.spark.api.python.BasePythonRunner$WriterThread.$anonfun$run$1(PythonRunner.scala:451)
	at org.apache.spark.util.Utils$.logUncaughtExceptions(Utils.scala:1928)
	at org.apache.spark.api.python.BasePythonRunner$WriterThread.run(PythonRunner.scala:282)
26/09/19 21:32:28 ERROR ArrowPythonRunner: This may have been caused by a prior exception:
java.lang.UnsupportedOperationException: sun.misc.Unsafe or java.nio.DirectByteBuffer.<init>(long, int) not available
	at org.apache.arrow.memory.util.MemoryUtil.directBuffer(MemoryUtil.java:174)
	at org.apache.arrow.memory.ArrowBuf.getDirectBuffer(ArrowBuf.java:229)
	at org.apache.arrow.memory.ArrowBuf.nioBuffer(ArrowBuf.java:224)
	at org.apache.arrow.vector.ipc.WriteChannel.write(WriteChannel.java:133)
	at org.apache.arrow.vector.ipc.message.MessageSerializer.writeBatchBuffers(MessageSerializer.java:303)
	at org.apache.arrow.vector.ipc.message.MessageSerializer.serialize(MessageSerializer.java:276)
	at org.apache.arrow.vector.ipc.ArrowWriter.writeRecordBatch(ArrowWriter.java:147)
	at org.apache.arrow.vector.ipc.ArrowWriter.writeBatch(ArrowWriter.java:133)
	at org.apache.spark.sql.execution.python.BasicPythonArrowInput.writeIteratorToArrowStream(PythonArrowInput.scala:140)
	at org.apache.spark.sql.execution.python.BasicPythonArrowInput.writeIteratorToArrowStream$(PythonArrowInput.scala:124)
	at org.apache.spark.sql.execution.python.ArrowPythonRunner.writeIteratorToArrowStream(ArrowPythonRunner.scala:30)
	at org.apache.spark.sql.execution.python.PythonArrowInput$$anon$1.$anonfun$writeIteratorToStream$1(PythonArrowInput.scala:96)
	at scala.runtime.java8.JFunction0$mcV$sp.apply(JFunction0$mcV$sp.java:23)
	at org.apache.spark.util.SparkErrorUtils.tryWithSafeFinally(SparkErrorUtils.scala:64)
	at org.apache.spark.util.SparkErrorUtils.tryWithSafeFinally$(SparkErrorUtils.scala:61)
	at org.apache.spark.util.Utils$.tryWithSafeFinally(Utils.scala:94)
	at org.apache.spark.sql.execution.python.PythonArrowInput$$anon$1.writeIteratorToStream(PythonArrowInput.scala:102)
	at org.apache.spark.api.python.BasePythonRunner$WriterThread.$anonfun$run$1(PythonRunner.scala:451)
	at org.apache.spark.util.Utils$.logUncaughtExceptions(Utils.scala:1928)
	at org.apache.spark.api.python.BasePythonRunner$WriterThread.run(PythonRunner.scala:282)
26/09/19 21:32:28 WARN BlockManager: Putting block rdd_8_1 failed due to exception java.lang.UnsupportedOperationException: sun.misc.Unsafe or java.nio.DirectByteBuffer.<init>(long, int) not available.
26/09/19 21:32:28 WARN BlockManager: Block rdd_8_1 could not be removed as it was not found on disk or in memory
26/09/19 21:32:28 ERROR Executor: Exception in task 1.0 in stage 0.0 (TID 1)
java.lang.UnsupportedOperationException: sun.misc.Unsafe or java.nio.DirectByteBuffer.<init>(long, int) not available
	at org.apache.arrow.memory.util.MemoryUtil.directBuffer(MemoryUtil.java:174)
	at org.apache.arrow.memory.ArrowBuf.getDirectBuffer(ArrowBuf.java:229)
	at org.apache.arrow.memory.ArrowBuf.nioBuffer(ArrowBuf.java:224)
	at org.apache.arrow.vector.ipc.WriteChannel.write(WriteChannel.java:133)
	at org.apache.arrow.vector.ipc.message.MessageSerializer.writeBatchBuffers(MessageSerializer.java:303)
	at org.apache.arrow.vector.ipc.message.MessageSerializer.serialize(MessageSerializer.java:276)
	at org.apache.arrow.vector.ipc.ArrowWriter.writeRecordBatch(ArrowWriter.java:147)
	at org.apache.arrow.vector.ipc.ArrowWriter.writeBatch(ArrowWriter.java:133)
	at org.apache.spark.sql.execution.python.BasicPythonArrowInput.writeIteratorToArrowStream(PythonArrowInput.scala:140)
	at org.apache.spark.sql.execution.python.BasicPythonArrowInput.writeIteratorToArrowStream$(PythonArrowInput.scala:124)
	at org.apache.spark.sql.execution.python.ArrowPythonRunner.writeIteratorToArrowStream(ArrowPythonRunner.scala:30)
	at org.apache.spark.sql.execution.python.PythonArrowInput$$anon$1.$anonfun$writeIteratorToStream$1(PythonArrowInput.scala:96)
	at scala.runtime.java8.JFunction0$mcV$sp.apply(JFunction0$mcV$sp.java:23)
	at org.apache.spark.util.SparkErrorUtils.tryWithSafeFinally(SparkErrorUtils.scala:64)
	at org.apache.spark.util.SparkErrorUtils.tryWithSafeFinally$(SparkErrorUtils.scala:61)
	at org.apache.spark.util.Utils$.tryWithSafeFinally(Utils.scala:94)
	at org.apache.spark.sql.execution.python.PythonArrowInput$$anon$1.writeIteratorToStream(PythonArrowInput.scala:102)
	at org.apache.spark.api.python.BasePythonRunner$WriterThread.$anonfun$run$1(PythonRunner.scala:451)
	at org.apache.spark.util.Utils$.logUncaughtExceptions(Utils.scala:1928)
	at org.apache.spark.api.python.BasePythonRunner$WriterThread.run(PythonRunner.scala:282)
[Stage 0:>                                                          (0 + 2) / 3]Traceback (most recent call last):
  File "/app/app/pipeline.py", line 138, in <module>
    main()
  File "/app/app/pipeline.py", line 120, in main
    .parquet("/app/data/output/valid_chunks/")
     ^^^^^^^^^^^^^^^^^^^^^^^^^^^^^^^^^^^^^^^^^
  File "/usr/local/lib/python3.11/site-packages/pyspark/sql/readwriter.py", line 1721, in parquet
    self._jwrite.parquet(path)
  File "/usr/local/lib/python3.11/site-packages/py4j/java_gateway.py", line 1322, in __call__
    return_value = get_return_value(
                   ^^^^^^^^^^^^^^^^^
  File "/usr/local/lib/python3.11/site-packages/pyspark/errors/exceptions/captured.py", line 179, in deco
    return f(*a, **kw)
           ^^^^^^^^^^^
  File "/usr/local/lib/python3.11/site-packages/py4j/protocol.py", line 326, in get_return_value
    raise Py4JJavaError(
py4j.protocol.Py4JJavaError: An error occurred while calling o105.parquet.
: org.apache.spark.SparkException: Job aborted due to stage failure: Task 0 in stage 0.0 failed 1 times, most recent failure: Lost task 0.0 in stage 0.0 (TID 0) (1fc6b99f76ed executor driver): java.lang.UnsupportedOperationException: sun.misc.Unsafe or java.nio.DirectByteBuffer.<init>(long, int) not available
	at org.apache.arrow.memory.util.MemoryUtil.directBuffer(MemoryUtil.java:174)
	at org.apache.arrow.memory.ArrowBuf.getDirectBuffer(ArrowBuf.java:229)
	at org.apache.arrow.memory.ArrowBuf.nioBuffer(ArrowBuf.java:224)
	at org.apache.arrow.vector.ipc.WriteChannel.write(WriteChannel.java:133)
	at org.apache.arrow.vector.ipc.message.MessageSerializer.writeBatchBuffers(MessageSerializer.java:303)
	at org.apache.arrow.vector.ipc.message.MessageSerializer.serialize(MessageSerializer.java:276)
	at org.apache.arrow.vector.ipc.ArrowWriter.writeRecordBatch(ArrowWriter.java:147)
	at org.apache.arrow.vector.ipc.ArrowWriter.writeBatch(ArrowWriter.java:133)
	at org.apache.spark.sql.execution.python.BasicPythonArrowInput.writeIteratorToArrowStream(PythonArrowInput.scala:140)
	at org.apache.spark.sql.execution.python.BasicPythonArrowInput.writeIteratorToArrowStream$(PythonArrowInput.scala:124)
	at org.apache.spark.sql.execution.python.ArrowPythonRunner.writeIteratorToArrowStream(ArrowPythonRunner.scala:30)
	at org.apache.spark.sql.execution.python.PythonArrowInput$$anon$1.$anonfun$writeIteratorToStream$1(PythonArrowInput.scala:96)
	at scala.runtime.java8.JFunction0$mcV$sp.apply(JFunction0$mcV$sp.java:23)
	at org.apache.spark.util.SparkErrorUtils.tryWithSafeFinally(SparkErrorUtils.scala:64)
	at org.apache.spark.util.SparkErrorUtils.tryWithSafeFinally$(SparkErrorUtils.scala:61)
	at org.apache.spark.util.Utils$.tryWithSafeFinally(Utils.scala:94)
	at org.apache.spark.sql.execution.python.PythonArrowInput$$anon$1.writeIteratorToStream(PythonArrowInput.scala:102)
	at org.apache.spark.api.python.BasePythonRunner$WriterThread.$anonfun$run$1(PythonRunner.scala:451)
	at org.apache.spark.util.Utils$.logUncaughtExceptions(Utils.scala:1928)
	at org.apache.spark.api.python.BasePythonRunner$WriterThread.run(PythonRunner.scala:282)

Driver stacktrace:
	at org.apache.spark.scheduler.DAGScheduler.failJobAndIndependentStages(DAGScheduler.scala:2856)
	at org.apache.spark.scheduler.DAGScheduler.$anonfun$abortStage$2(DAGScheduler.scala:2792)
	at org.apache.spark.scheduler.DAGScheduler.$anonfun$abortStage$2$adapted(DAGScheduler.scala:2791)
	at scala.collection.mutable.ResizableArray.foreach(ResizableArray.scala:62)
	at scala.collection.mutable.ResizableArray.foreach$(ResizableArray.scala:55)
	at scala.collection.mutable.ArrayBuffer.foreach(ArrayBuffer.scala:49)
	at org.apache.spark.scheduler.DAGScheduler.abortStage(DAGScheduler.scala:2791)
	at org.apache.spark.scheduler.DAGScheduler.$anonfun$handleTaskSetFailed$1(DAGScheduler.scala:1247)
	at org.apache.spark.scheduler.DAGScheduler.$anonfun$handleTaskSetFailed$1$adapted(DAGScheduler.scala:1247)
	at scala.Option.foreach(Option.scala:407)
	at org.apache.spark.scheduler.DAGScheduler.handleTaskSetFailed(DAGScheduler.scala:1247)
	at org.apache.spark.scheduler.DAGSchedulerEventProcessLoop.doOnReceive(DAGScheduler.scala:3060)
	at org.apache.spark.scheduler.DAGSchedulerEventProcessLoop.onReceive(DAGScheduler.scala:2994)
	at org.apache.spark.scheduler.DAGSchedulerEventProcessLoop.onReceive(DAGScheduler.scala:2983)
	at org.apache.spark.util.EventLoop$$anon$1.run(EventLoop.scala:49)
Caused by: java.lang.UnsupportedOperationException: sun.misc.Unsafe or java.nio.DirectByteBuffer.<init>(long, int) not available
	at org.apache.arrow.memory.util.MemoryUtil.directBuffer(MemoryUtil.java:174)
	at org.apache.arrow.memory.ArrowBuf.getDirectBuffer(ArrowBuf.java:229)
	at org.apache.arrow.memory.ArrowBuf.nioBuffer(ArrowBuf.java:224)
	at org.apache.arrow.vector.ipc.WriteChannel.write(WriteChannel.java:133)
	at org.apache.arrow.vector.ipc.message.MessageSerializer.writeBatchBuffers(MessageSerializer.java:303)
	at org.apache.arrow.vector.ipc.message.MessageSerializer.serialize(MessageSerializer.java:276)
	at org.apache.arrow.vector.ipc.ArrowWriter.writeRecordBatch(ArrowWriter.java:147)
	at org.apache.arrow.vector.ipc.ArrowWriter.writeBatch(ArrowWriter.java:133)
	at org.apache.spark.sql.execution.python.BasicPythonArrowInput.writeIteratorToArrowStream(PythonArrowInput.scala:140)
	at org.apache.spark.sql.execution.python.BasicPythonArrowInput.writeIteratorToArrowStream$(PythonArrowInput.scala:124)
	at org.apache.spark.sql.execution.python.ArrowPythonRunner.writeIteratorToArrowStream(ArrowPythonRunner.scala:30)
	at org.apache.spark.sql.execution.python.PythonArrowInput$$anon$1.$anonfun$writeIteratorToStream$1(PythonArrowInput.scala:96)
	at scala.runtime.java8.JFunction0$mcV$sp.apply(JFunction0$mcV$sp.java:23)
	at org.apache.spark.util.SparkErrorUtils.tryWithSafeFinally(SparkErrorUtils.scala:64)
	at org.apache.spark.util.SparkErrorUtils.tryWithSafeFinally$(SparkErrorUtils.scala:61)
	at org.apache.spark.util.Utils$.tryWithSafeFinally(Utils.scala:94)
	at org.apache.spark.sql.execution.python.PythonArrowInput$$anon$1.writeIteratorToStream(PythonArrowInput.scala:102)
	at org.apache.spark.api.python.BasePythonRunner$WriterThread.$anonfun$run$1(PythonRunner.scala:451)
	at org.apache.spark.util.Utils$.logUncaughtExceptions(Utils.scala:1928)
	at org.apache.spark.api.python.BasePythonRunner$WriterThread.run(PythonRunner.scala:282)

